P12494_BS	/sc/arion/projects/zhangw09a/GOCAR/RNAseq/baseline/hisat_run/Raw_data/R_482_2_1.fastq.gz	/sc/arion/projects/zhangw09a/GOCAR/RNAseq/baseline/hisat_run/Raw_data/R_482_2_2.fastq.gz
P12599_BS	/sc/arion/projects/zhangw09a/GOCAR/RNAseq/baseline/hisat_run/Raw_data/R_484_2_1.fastq.gz	/sc/arion/projects/zhangw09a/GOCAR/RNAseq/baseline/hisat_run/Raw_data/R_484_2_2.fastq.gz
P12773_BS	/sc/arion/projects/zhangw09a/GOCAR/RNAseq/baseline/hisat_run/Raw_data/R_490_3_1.fastq.gz	/sc/arion/projects/zhangw09a/GOCAR/RNAseq/baseline/hisat_run/Raw_data/R_490_3_2.fastq.gz
P12836_BS	/sc/arion/projects/zhangw09a/GOCAR/RNAseq/baseline/hisat_run/Raw_data/R_501_3_1.fastq.gz	/sc/arion/projects/zhangw09a/GOCAR/RNAseq/baseline/hisat_run/Raw_data/R_501_3_2.fastq.gz
P13020_BS	/sc/arion/projects/zhangw09a/GOCAR/RNAseq/baseline/hisat_run/Raw_data/R_511_2_1.fastq.gz	/sc/arion/projects/zhangw09a/GOCAR/RNAseq/baseline/hisat_run/Raw_data/R_511_2_2.fastq.gz
P13197_BS	/sc/arion/projects/zhangw09a/GOCAR/RNAseq/baseline/hisat_run/Raw_data/R_513_4_1.fastq.gz	/sc/arion/projects/zhangw09a/GOCAR/RNAseq/baseline/hisat_run/Raw_data/R_513_4_2.fastq.gz
P14027_BS	/sc/arion/projects/zhangw09a/GOCAR/RNAseq/baseline/hisat_run/Raw_data/R_587_5_1.fastq.gz	/sc/arion/projects/zhangw09a/GOCAR/RNAseq/baseline/hisat_run/Raw_data/R_587_5_2.fastq.gz
P14051_BS	/sc/arion/projects/zhangw09a/GOCAR/RNAseq/baseline/hisat_run/Raw_data/R_586_7_1.fastq.gz	/sc/arion/projects/zhangw09a/GOCAR/RNAseq/baseline/hisat_run/Raw_data/R_586_7_2.fastq.gz
P14221_BS	/sc/arion/projects/zhangw09a/GOCAR/RNAseq/baseline/hisat_run/Raw_data/R_591_10_1.fastq.gz	/sc/arion/projects/zhangw09a/GOCAR/RNAseq/baseline/hisat_run/Raw_data/R_591_10_2.fastq.gz
P14307_BS	/sc/arion/projects/zhangw09a/GOCAR/RNAseq/baseline/hisat_run/Raw_data/R_594_1_1.fastq.gz	/sc/arion/projects/zhangw09a/GOCAR/RNAseq/baseline/hisat_run/Raw_data/R_594_1_2.fastq.gz
P14608_BS	/sc/arion/projects/zhangw09a/GOCAR/RNAseq/baseline/hisat_run/Raw_data/R_598_4_1.fastq.gz	/sc/arion/projects/zhangw09a/GOCAR/RNAseq/baseline/hisat_run/Raw_data/R_598_4_2.fastq.gz
P14768_BS	/sc/arion/projects/zhangw09a/GOCAR/RNAseq/baseline/hisat_run/Raw_data/R_599_6_1.fastq.gz	/sc/arion/projects/zhangw09a/GOCAR/RNAseq/baseline/hisat_run/Raw_data/R_599_6_2.fastq.gz
P15517_BS	/sc/arion/projects/zhangw09a/GOCAR/RNAseq/baseline/hisat_run/Raw_data/R_626_2_1.fastq.gz	/sc/arion/projects/zhangw09a/GOCAR/RNAseq/baseline/hisat_run/Raw_data/R_626_2_2.fastq.gz
P15530_BS	/sc/arion/projects/zhangw09a/GOCAR/RNAseq/baseline/hisat_run/Raw_data/R_705_6_1.fastq.gz	/sc/arion/projects/zhangw09a/GOCAR/RNAseq/baseline/hisat_run/Raw_data/R_705_6_2.fastq.gz
P15811_BS	/sc/arion/projects/zhangw09a/GOCAR/RNAseq/baseline/hisat_run/Raw_data/R_645_13_1.fastq.gz	/sc/arion/projects/zhangw09a/GOCAR/RNAseq/baseline/hisat_run/Raw_data/R_645_13_2.fastq.gz
P16135_BS	/sc/arion/projects/zhangw09a/GOCAR/RNAseq/baseline/hisat_run/Raw_data/R_652_7_1.fastq.gz	/sc/arion/projects/zhangw09a/GOCAR/RNAseq/baseline/hisat_run/Raw_data/R_652_7_2.fastq.gz
P16312_BS	/sc/arion/projects/zhangw09a/GOCAR/RNAseq/baseline/hisat_run/Raw_data/R_651_2_1.fastq.gz	/sc/arion/projects/zhangw09a/GOCAR/RNAseq/baseline/hisat_run/Raw_data/R_651_2_2.fastq.gz
P16637_BS	/sc/arion/projects/zhangw09a/GOCAR/RNAseq/baseline/hisat_run/Raw_data/D_661_2_1.fastq.gz	/sc/arion/projects/zhangw09a/GOCAR/RNAseq/baseline/hisat_run/Raw_data/D_661_2_2.fastq.gz
P16865_BS	/sc/arion/projects/zhangw09a/GOCAR/RNAseq/baseline/hisat_run/Raw_data/R_754_13_1.fastq.gz	/sc/arion/projects/zhangw09a/GOCAR/RNAseq/baseline/hisat_run/Raw_data/R_754_13_2.fastq.gz
P16880_BS	/sc/arion/projects/zhangw09a/GOCAR/RNAseq/baseline/hisat_run/Raw_data/R_659_2_1.fastq.gz	/sc/arion/projects/zhangw09a/GOCAR/RNAseq/baseline/hisat_run/Raw_data/R_659_2_2.fastq.gz
P17063_BS	/sc/arion/projects/zhangw09a/GOCAR/RNAseq/baseline/hisat_run/Raw_data/R_663_2_1.fastq.gz	/sc/arion/projects/zhangw09a/GOCAR/RNAseq/baseline/hisat_run/Raw_data/R_663_2_2.fastq.gz
P18218_BS	/sc/arion/projects/zhangw09a/GOCAR/RNAseq/baseline/hisat_run/Raw_data/R_709_7_1.fastq.gz	/sc/arion/projects/zhangw09a/GOCAR/RNAseq/baseline/hisat_run/Raw_data/R_709_7_2.fastq.gz
P18437_BS	/sc/arion/projects/zhangw09a/GOCAR/RNAseq/baseline/hisat_run/Raw_data/R_706_2_1.fastq.gz	/sc/arion/projects/zhangw09a/GOCAR/RNAseq/baseline/hisat_run/Raw_data/R_706_2_2.fastq.gz
P18463_BS	/sc/arion/projects/zhangw09a/GOCAR/RNAseq/baseline/hisat_run/Raw_data/R_708_2_1.fastq.gz	/sc/arion/projects/zhangw09a/GOCAR/RNAseq/baseline/hisat_run/Raw_data/R_708_2_2.fastq.gz
P18557_BS	/sc/arion/projects/zhangw09a/GOCAR/RNAseq/baseline/hisat_run/Raw_data/R_713_2_1.fastq.gz	/sc/arion/projects/zhangw09a/GOCAR/RNAseq/baseline/hisat_run/Raw_data/R_713_2_2.fastq.gz
P18709_BS	/sc/arion/projects/zhangw09a/GOCAR/RNAseq/baseline/hisat_run/Raw_data/R_716_2_1.fastq.gz	/sc/arion/projects/zhangw09a/GOCAR/RNAseq/baseline/hisat_run/Raw_data/R_716_2_2.fastq.gz
P18775_BS	/sc/arion/projects/zhangw09a/GOCAR/RNAseq/baseline/hisat_run/Raw_data/R_746_7_1.fastq.gz	/sc/arion/projects/zhangw09a/GOCAR/RNAseq/baseline/hisat_run/Raw_data/R_746_7_2.fastq.gz
P19042_BS	/sc/arion/projects/zhangw09a/GOCAR/RNAseq/baseline/hisat_run/Raw_data/R_741_4_1.fastq.gz	/sc/arion/projects/zhangw09a/GOCAR/RNAseq/baseline/hisat_run/Raw_data/R_741_4_2.fastq.gz
P19210_BS	/sc/arion/projects/zhangw09a/GOCAR/RNAseq/baseline/hisat_run/Raw_data/R_745_2_1.fastq.gz	/sc/arion/projects/zhangw09a/GOCAR/RNAseq/baseline/hisat_run/Raw_data/R_745_2_2.fastq.gz
P19792_BS	/sc/arion/projects/zhangw09a/GOCAR/RNAseq/baseline/hisat_run/Raw_data/R_757_2_1.fastq.gz	/sc/arion/projects/zhangw09a/GOCAR/RNAseq/baseline/hisat_run/Raw_data/R_757_2_2.fastq.gz
P19884_BS	/sc/arion/projects/zhangw09a/GOCAR/RNAseq/baseline/hisat_run/Raw_data/R_817_2_1.fastq.gz	/sc/arion/projects/zhangw09a/GOCAR/RNAseq/baseline/hisat_run/Raw_data/R_817_2_2.fastq.gz
P20066_BS	/sc/arion/projects/zhangw09a/GOCAR/RNAseq/baseline/hisat_run/Raw_data/R_837_5_1.fastq.gz	/sc/arion/projects/zhangw09a/GOCAR/RNAseq/baseline/hisat_run/Raw_data/R_837_5_2.fastq.gz
P20593_BS	/sc/arion/projects/zhangw09a/GOCAR/RNAseq/baseline/hisat_run/Raw_data/R_1037_2_1.fastq.gz	/sc/arion/projects/zhangw09a/GOCAR/RNAseq/baseline/hisat_run/Raw_data/R_1037_2_2.fastq.gz
P20741_BS	/sc/arion/projects/zhangw09a/GOCAR/RNAseq/baseline/hisat_run/Raw_data/R_1118_4_1.fastq.gz	/sc/arion/projects/zhangw09a/GOCAR/RNAseq/baseline/hisat_run/Raw_data/R_1118_4_2.fastq.gz
P20810_BS	/sc/arion/projects/zhangw09a/GOCAR/RNAseq/baseline/hisat_run/Raw_data/R_1137_4_1.fastq.gz	/sc/arion/projects/zhangw09a/GOCAR/RNAseq/baseline/hisat_run/Raw_data/R_1137_4_2.fastq.gz
P21008_BS	/sc/arion/projects/zhangw09a/GOCAR/RNAseq/baseline/hisat_run/Raw_data/R_1378_7_1.fastq.gz	/sc/arion/projects/zhangw09a/GOCAR/RNAseq/baseline/hisat_run/Raw_data/R_1378_7_2.fastq.gz
P21279_BS	/sc/arion/projects/zhangw09a/GOCAR/RNAseq/baseline/hisat_run/Raw_data/R_1358_4_1.fastq.gz	/sc/arion/projects/zhangw09a/GOCAR/RNAseq/baseline/hisat_run/Raw_data/R_1358_4_2.fastq.gz
P22526_BS	/sc/arion/projects/zhangw09a/GOCAR/RNAseq/baseline/hisat_run/Raw_data/R_1677_2_1.fastq.gz	/sc/arion/projects/zhangw09a/GOCAR/RNAseq/baseline/hisat_run/Raw_data/R_1677_2_2.fastq.gz
P22830_BS	/sc/arion/projects/zhangw09a/GOCAR/RNAseq/baseline/hisat_run/Raw_data/R_1718_2_1.fastq.gz	/sc/arion/projects/zhangw09a/GOCAR/RNAseq/baseline/hisat_run/Raw_data/R_1718_2_2.fastq.gz
P22987_BS	/sc/arion/projects/zhangw09a/GOCAR/RNAseq/baseline/hisat_run/Raw_data/R_1757_2_1.fastq.gz	/sc/arion/projects/zhangw09a/GOCAR/RNAseq/baseline/hisat_run/Raw_data/R_1757_2_2.fastq.gz
P24797_BS	/sc/arion/projects/zhangw09a/GOCAR/RNAseq/baseline/hisat_run/Raw_data/R_2038_2_1.fastq.gz	/sc/arion/projects/zhangw09a/GOCAR/RNAseq/baseline/hisat_run/Raw_data/R_2038_2_2.fastq.gz
P26525_BS	/sc/arion/projects/zhangw09a/GOCAR/RNAseq/baseline/hisat_run/Raw_data/R_2477_4_1.fastq.gz	/sc/arion/projects/zhangw09a/GOCAR/RNAseq/baseline/hisat_run/Raw_data/R_2477_4_2.fastq.gz
P26670_BS	/sc/arion/projects/zhangw09a/GOCAR/RNAseq/baseline/hisat_run/Raw_data/R_2659_7_1.fastq.gz	/sc/arion/projects/zhangw09a/GOCAR/RNAseq/baseline/hisat_run/Raw_data/R_2659_7_2.fastq.gz
P27365_BS	/sc/arion/projects/zhangw09a/GOCAR/RNAseq/baseline/hisat_run/Raw_data/R_2677_4_1.fastq.gz	/sc/arion/projects/zhangw09a/GOCAR/RNAseq/baseline/hisat_run/Raw_data/R_2677_4_2.fastq.gz
P27398_BS	/sc/arion/projects/zhangw09a/GOCAR/RNAseq/baseline/hisat_run/Raw_data/R_2717_6_1.fastq.gz	/sc/arion/projects/zhangw09a/GOCAR/RNAseq/baseline/hisat_run/Raw_data/R_2717_6_2.fastq.gz
P29561_BS	/sc/arion/projects/zhangw09a/GOCAR/RNAseq/baseline/hisat_run/Raw_data/R_3077_16_1.fastq.gz	/sc/arion/projects/zhangw09a/GOCAR/RNAseq/baseline/hisat_run/Raw_data/R_3077_16_2.fastq.gz
P30944_BS	/sc/arion/projects/zhangw09a/GOCAR/RNAseq/baseline/hisat_run/Raw_data/R_3477_6_1.fastq.gz	/sc/arion/projects/zhangw09a/GOCAR/RNAseq/baseline/hisat_run/Raw_data/R_3477_6_2.fastq.gz
P31185_BS	/sc/arion/projects/zhangw09a/GOCAR/RNAseq/baseline/hisat_run/Raw_data/R_3537_2_1.fastq.gz	/sc/arion/projects/zhangw09a/GOCAR/RNAseq/baseline/hisat_run/Raw_data/R_3537_2_2.fastq.gz
P33263_BS	/sc/arion/projects/zhangw09a/GOCAR/RNAseq/baseline/hisat_run/Raw_data/R_3797_9_1.fastq.gz	/sc/arion/projects/zhangw09a/GOCAR/RNAseq/baseline/hisat_run/Raw_data/R_3797_9_2.fastq.gz
P33638_BS	/sc/arion/projects/zhangw09a/GOCAR/RNAseq/baseline/hisat_run/Raw_data/R_3817_2_1.fastq.gz	/sc/arion/projects/zhangw09a/GOCAR/RNAseq/baseline/hisat_run/Raw_data/R_3817_2_2.fastq.gz
P35241_BS	/sc/arion/projects/zhangw09a/GOCAR/RNAseq/baseline/hisat_run/Raw_data/R_4057_10_1.fastq.gz	/sc/arion/projects/zhangw09a/GOCAR/RNAseq/baseline/hisat_run/Raw_data/R_4057_10_2.fastq.gz
P36051_BS	/sc/arion/projects/zhangw09a/GOCAR/RNAseq/baseline/hisat_run/Raw_data/R_4217_2_1.fastq.gz	/sc/arion/projects/zhangw09a/GOCAR/RNAseq/baseline/hisat_run/Raw_data/R_4217_2_2.fastq.gz
P36244_BS	/sc/arion/projects/zhangw09a/GOCAR/RNAseq/baseline/hisat_run/Raw_data/R_4258_2_1.fastq.gz	/sc/arion/projects/zhangw09a/GOCAR/RNAseq/baseline/hisat_run/Raw_data/R_4258_2_2.fastq.gz
P3647_BS	/sc/arion/projects/zhangw09a/GOCAR/RNAseq/baseline/hisat_run/Raw_data/R_121_15_1.fastq.gz	/sc/arion/projects/zhangw09a/GOCAR/RNAseq/baseline/hisat_run/Raw_data/R_121_15_2.fastq.gz
P36683_BS	/sc/arion/projects/zhangw09a/GOCAR/RNAseq/baseline/hisat_run/Raw_data/R_4318_9_1.fastq.gz	/sc/arion/projects/zhangw09a/GOCAR/RNAseq/baseline/hisat_run/Raw_data/R_4318_9_2.fastq.gz
P38480_BS	/sc/arion/projects/zhangw09a/GOCAR/RNAseq/baseline/hisat_run/Raw_data/R_4677_4_1.fastq.gz	/sc/arion/projects/zhangw09a/GOCAR/RNAseq/baseline/hisat_run/Raw_data/R_4677_4_2.fastq.gz
P39437_BS	/sc/arion/projects/zhangw09a/GOCAR/RNAseq/baseline/hisat_run/Raw_data/R_4798_2_1.fastq.gz	/sc/arion/projects/zhangw09a/GOCAR/RNAseq/baseline/hisat_run/Raw_data/R_4798_2_2.fastq.gz
P40091_BS	/sc/arion/projects/zhangw09a/GOCAR/RNAseq/baseline/hisat_run/Raw_data/R_4897_5_1.fastq.gz	/sc/arion/projects/zhangw09a/GOCAR/RNAseq/baseline/hisat_run/Raw_data/R_4897_5_2.fastq.gz
P41240_BS	/sc/arion/projects/zhangw09a/GOCAR/RNAseq/baseline/hisat_run/Raw_data/R_4997_2_1.fastq.gz	/sc/arion/projects/zhangw09a/GOCAR/RNAseq/baseline/hisat_run/Raw_data/R_4997_2_2.fastq.gz
P41626_BS	/sc/arion/projects/zhangw09a/GOCAR/RNAseq/baseline/hisat_run/Raw_data/R_5077_2_1.fastq.gz	/sc/arion/projects/zhangw09a/GOCAR/RNAseq/baseline/hisat_run/Raw_data/R_5077_2_2.fastq.gz
P41848_BS	/sc/arion/projects/zhangw09a/GOCAR/RNAseq/baseline/hisat_run/Raw_data/R_5137_4_1.fastq.gz	/sc/arion/projects/zhangw09a/GOCAR/RNAseq/baseline/hisat_run/Raw_data/R_5137_4_2.fastq.gz
P42456_BS	/sc/arion/projects/zhangw09a/GOCAR/RNAseq/baseline/hisat_run/Raw_data/R_5217_18_1.fastq.gz	/sc/arion/projects/zhangw09a/GOCAR/RNAseq/baseline/hisat_run/Raw_data/R_5217_18_2.fastq.gz
P43144_BS	/sc/arion/projects/zhangw09a/GOCAR/RNAseq/baseline/hisat_run/Raw_data/R_5317_2_1.fastq.gz	/sc/arion/projects/zhangw09a/GOCAR/RNAseq/baseline/hisat_run/Raw_data/R_5317_2_2.fastq.gz
P43146_BS	/sc/arion/projects/zhangw09a/GOCAR/RNAseq/baseline/hisat_run/Raw_data/R_5318_2_1.fastq.gz	/sc/arion/projects/zhangw09a/GOCAR/RNAseq/baseline/hisat_run/Raw_data/R_5318_2_2.fastq.gz
P43207_BS	/sc/arion/projects/zhangw09a/GOCAR/RNAseq/baseline/hisat_run/Raw_data/R_5337_8_1.fastq.gz	/sc/arion/projects/zhangw09a/GOCAR/RNAseq/baseline/hisat_run/Raw_data/R_5337_8_2.fastq.gz
P44035_BS	/sc/arion/projects/zhangw09a/GOCAR/RNAseq/baseline/hisat_run/Raw_data/R_5479_2_1.fastq.gz	/sc/arion/projects/zhangw09a/GOCAR/RNAseq/baseline/hisat_run/Raw_data/R_5479_2_2.fastq.gz
P44629_BS	/sc/arion/projects/zhangw09a/GOCAR/RNAseq/baseline/hisat_run/Raw_data/R_5558_2_1.fastq.gz	/sc/arion/projects/zhangw09a/GOCAR/RNAseq/baseline/hisat_run/Raw_data/R_5558_2_2.fastq.gz
P6093_BS	/sc/arion/projects/zhangw09a/GOCAR/RNAseq/baseline/hisat_run/Raw_data/R_263_3_1.fastq.gz	/sc/arion/projects/zhangw09a/GOCAR/RNAseq/baseline/hisat_run/Raw_data/R_263_3_2.fastq.gz
P6485_BS	/sc/arion/projects/zhangw09a/GOCAR/RNAseq/baseline/hisat_run/Raw_data/R_306_2_1.fastq.gz	/sc/arion/projects/zhangw09a/GOCAR/RNAseq/baseline/hisat_run/Raw_data/R_306_2_2.fastq.gz
P6579_BS	/sc/arion/projects/zhangw09a/GOCAR/RNAseq/baseline/hisat_run/Raw_data/R_364_4_1.fastq.gz	/sc/arion/projects/zhangw09a/GOCAR/RNAseq/baseline/hisat_run/Raw_data/R_364_4_2.fastq.gz
P6609_BS	/sc/arion/projects/zhangw09a/GOCAR/RNAseq/baseline/hisat_run/Raw_data/R_538_12_1.fastq.gz	/sc/arion/projects/zhangw09a/GOCAR/RNAseq/baseline/hisat_run/Raw_data/R_538_12_2.fastq.gz
P6610_BS	/sc/arion/projects/zhangw09a/GOCAR/RNAseq/baseline/hisat_run/Raw_data/R_521_18_1.fastq.gz	/sc/arion/projects/zhangw09a/GOCAR/RNAseq/baseline/hisat_run/Raw_data/R_521_18_2.fastq.gz
P6633_BS	/sc/arion/projects/zhangw09a/GOCAR/RNAseq/baseline/hisat_run/Raw_data/R_539_36_1.fastq.gz	/sc/arion/projects/zhangw09a/GOCAR/RNAseq/baseline/hisat_run/Raw_data/R_539_36_2.fastq.gz
P6640_BS	/sc/arion/projects/zhangw09a/GOCAR/RNAseq/baseline/hisat_run/Raw_data/R_543_17_1.fastq.gz	/sc/arion/projects/zhangw09a/GOCAR/RNAseq/baseline/hisat_run/Raw_data/R_543_17_2.fastq.gz
P6641_BS	/sc/arion/projects/zhangw09a/GOCAR/RNAseq/baseline/hisat_run/Raw_data/R_542_8_1.fastq.gz	/sc/arion/projects/zhangw09a/GOCAR/RNAseq/baseline/hisat_run/Raw_data/R_542_8_2.fastq.gz
P6647_BS	/sc/arion/projects/zhangw09a/GOCAR/RNAseq/baseline/hisat_run/Raw_data/R_383_44_1.fastq.gz	/sc/arion/projects/zhangw09a/GOCAR/RNAseq/baseline/hisat_run/Raw_data/R_383_44_2.fastq.gz
P6648_BS	/sc/arion/projects/zhangw09a/GOCAR/RNAseq/baseline/hisat_run/Raw_data/R_562_38_1.fastq.gz	/sc/arion/projects/zhangw09a/GOCAR/RNAseq/baseline/hisat_run/Raw_data/R_562_38_2.fastq.gz
P6651_BS	/sc/arion/projects/zhangw09a/GOCAR/RNAseq/baseline/hisat_run/Raw_data/R_524_8_1.fastq.gz	/sc/arion/projects/zhangw09a/GOCAR/RNAseq/baseline/hisat_run/Raw_data/R_524_8_2.fastq.gz
P6920_BS	/sc/arion/projects/zhangw09a/GOCAR/RNAseq/baseline/hisat_run/Raw_data/R_321_2_1.fastq.gz	/sc/arion/projects/zhangw09a/GOCAR/RNAseq/baseline/hisat_run/Raw_data/R_321_2_2.fastq.gz
P7147_BS	/sc/arion/projects/zhangw09a/GOCAR/RNAseq/baseline/hisat_run/Raw_data/R_523_2_1.fastq.gz	/sc/arion/projects/zhangw09a/GOCAR/RNAseq/baseline/hisat_run/Raw_data/R_523_2_2.fastq.gz
P7148_BS	/sc/arion/projects/zhangw09a/GOCAR/RNAseq/baseline/hisat_run/Raw_data/R_564_46_1.fastq.gz	/sc/arion/projects/zhangw09a/GOCAR/RNAseq/baseline/hisat_run/Raw_data/R_564_46_2.fastq.gz
P7160_BS	/sc/arion/projects/zhangw09a/GOCAR/RNAseq/baseline/hisat_run/Raw_data/R_565_11_1.fastq.gz	/sc/arion/projects/zhangw09a/GOCAR/RNAseq/baseline/hisat_run/Raw_data/R_565_11_2.fastq.gz
P7165_BS	/sc/arion/projects/zhangw09a/GOCAR/RNAseq/baseline/hisat_run/Raw_data/R_548_17_1.fastq.gz	/sc/arion/projects/zhangw09a/GOCAR/RNAseq/baseline/hisat_run/Raw_data/R_548_17_2.fastq.gz
P7449_BS	/sc/arion/projects/zhangw09a/GOCAR/RNAseq/baseline/hisat_run/Raw_data/R_369_3_1.fastq.gz	/sc/arion/projects/zhangw09a/GOCAR/RNAseq/baseline/hisat_run/Raw_data/R_369_3_2.fastq.gz
P7709_BS	/sc/arion/projects/zhangw09a/GOCAR/RNAseq/baseline/hisat_run/Raw_data/R_566_6_1.fastq.gz	/sc/arion/projects/zhangw09a/GOCAR/RNAseq/baseline/hisat_run/Raw_data/R_566_6_2.fastq.gz
P7761_BS	/sc/arion/projects/zhangw09a/GOCAR/RNAseq/baseline/hisat_run/Raw_data/R_381_2_1.fastq.gz	/sc/arion/projects/zhangw09a/GOCAR/RNAseq/baseline/hisat_run/Raw_data/R_381_2_2.fastq.gz
P7764_BS	/sc/arion/projects/zhangw09a/GOCAR/RNAseq/baseline/hisat_run/Raw_data/R_382_2_1.fastq.gz	/sc/arion/projects/zhangw09a/GOCAR/RNAseq/baseline/hisat_run/Raw_data/R_382_2_2.fastq.gz
P7876_BS	/sc/arion/projects/zhangw09a/GOCAR/RNAseq/baseline/hisat_run/Raw_data/R_401_4_1.fastq.gz	/sc/arion/projects/zhangw09a/GOCAR/RNAseq/baseline/hisat_run/Raw_data/R_401_4_2.fastq.gz
P7877_BS	/sc/arion/projects/zhangw09a/GOCAR/RNAseq/baseline/hisat_run/Raw_data/R_402_2_1.fastq.gz	/sc/arion/projects/zhangw09a/GOCAR/RNAseq/baseline/hisat_run/Raw_data/R_402_2_2.fastq.gz
P7961_BS	/sc/arion/projects/zhangw09a/GOCAR/RNAseq/baseline/hisat_run/Raw_data/R_446_3_1.fastq.gz	/sc/arion/projects/zhangw09a/GOCAR/RNAseq/baseline/hisat_run/Raw_data/R_446_3_2.fastq.gz
P8403_BS	/sc/arion/projects/zhangw09a/GOCAR/RNAseq/baseline/hisat_run/Raw_data/R_448_2_1.fastq.gz	/sc/arion/projects/zhangw09a/GOCAR/RNAseq/baseline/hisat_run/Raw_data/R_448_2_2.fastq.gz
P8512_BS	/sc/arion/projects/zhangw09a/GOCAR/RNAseq/baseline/hisat_run/Raw_data/R_467_3_1.fastq.gz	/sc/arion/projects/zhangw09a/GOCAR/RNAseq/baseline/hisat_run/Raw_data/R_467_3_2.fastq.gz
P8610_BS	/sc/arion/projects/zhangw09a/GOCAR/RNAseq/baseline/hisat_run/Raw_data/R_464_2_1.fastq.gz	/sc/arion/projects/zhangw09a/GOCAR/RNAseq/baseline/hisat_run/Raw_data/R_464_2_2.fastq.gz
P8624_BS	/sc/arion/projects/zhangw09a/GOCAR/RNAseq/baseline/hisat_run/Raw_data/R_471_3_1.fastq.gz	/sc/arion/projects/zhangw09a/GOCAR/RNAseq/baseline/hisat_run/Raw_data/R_471_3_2.fastq.gz
P8883_BS	/sc/arion/projects/zhangw09a/GOCAR/RNAseq/baseline/hisat_run/Raw_data/R_469_2_1.fastq.gz	/sc/arion/projects/zhangw09a/GOCAR/RNAseq/baseline/hisat_run/Raw_data/R_469_2_2.fastq.gz
P40985_BS	/sc/arion/projects/zhangw09a/GOCAR/RNAseq/baseline/hisat_run/Raw_data/R_4937_6_1.fastq.gz	/sc/arion/projects/zhangw09a/GOCAR/RNAseq/baseline/hisat_run/Raw_data/R_4937_6_2.fastq.gz
P41082_BS	/sc/arion/projects/zhangw09a/GOCAR/RNAseq/baseline/hisat_run/Raw_data/R_4957_2_1.fastq.gz	/sc/arion/projects/zhangw09a/GOCAR/RNAseq/baseline/hisat_run/Raw_data/R_4957_2_2.fastq.gz
P42777_BS	/sc/arion/projects/zhangw09a/GOCAR/RNAseq/baseline/hisat_run/Raw_data/R_5277_8_1.fastq.gz	/sc/arion/projects/zhangw09a/GOCAR/RNAseq/baseline/hisat_run/Raw_data/R_5277_8_2.fastq.gz
P42810_BS	/sc/arion/projects/zhangw09a/GOCAR/RNAseq/baseline/hisat_run/Raw_data/R_5297_4_1.fastq.gz	/sc/arion/projects/zhangw09a/GOCAR/RNAseq/baseline/hisat_run/Raw_data/R_5297_4_2.fastq.gz
P43312_BS	/sc/arion/projects/zhangw09a/GOCAR/RNAseq/baseline/hisat_run/Raw_data/R_5338_2_1.fastq.gz	/sc/arion/projects/zhangw09a/GOCAR/RNAseq/baseline/hisat_run/Raw_data/R_5338_2_2.fastq.gz
P43535_BS	/sc/arion/projects/zhangw09a/GOCAR/RNAseq/baseline/hisat_run/Raw_data/R_5378_4_1.fastq.gz	/sc/arion/projects/zhangw09a/GOCAR/RNAseq/baseline/hisat_run/Raw_data/R_5378_4_2.fastq.gz
P44056_BS	/sc/arion/projects/zhangw09a/GOCAR/RNAseq/baseline/hisat_run/Raw_data/R_5478_2_1.fastq.gz	/sc/arion/projects/zhangw09a/GOCAR/RNAseq/baseline/hisat_run/Raw_data/R_5478_2_2.fastq.gz
P44125_BS	/sc/arion/projects/zhangw09a/GOCAR/RNAseq/baseline/hisat_run/Raw_data/R_5498_3_1.fastq.gz	/sc/arion/projects/zhangw09a/GOCAR/RNAseq/baseline/hisat_run/Raw_data/R_5498_3_2.fastq.gz
P3600_BS	/sc/arion/projects/zhangw09a/GOCAR/RNAseq/baseline/hisat_run/Raw_data/R_101_28_1.fastq.gz	/sc/arion/projects/zhangw09a/GOCAR/RNAseq/baseline/hisat_run/Raw_data/R_101_28_2.fastq.gz
P5647_BS	/sc/arion/projects/zhangw09a/GOCAR/RNAseq/baseline/hisat_run/Raw_data/R_221_15_1.fastq.gz	/sc/arion/projects/zhangw09a/GOCAR/RNAseq/baseline/hisat_run/Raw_data/R_221_15_2.fastq.gz
P5889_BS	/sc/arion/projects/zhangw09a/GOCAR/RNAseq/baseline/hisat_run/Raw_data/R_242_2_1.fastq.gz	/sc/arion/projects/zhangw09a/GOCAR/RNAseq/baseline/hisat_run/Raw_data/R_242_2_2.fastq.gz
P7216_BS	/sc/arion/projects/zhangw09a/GOCAR/RNAseq/baseline/hisat_run/Raw_data/R_362_1_1.fastq.gz	/sc/arion/projects/zhangw09a/GOCAR/RNAseq/baseline/hisat_run/Raw_data/R_362_1_2.fastq.gz
P7341_BS	/sc/arion/projects/zhangw09a/GOCAR/RNAseq/baseline/hisat_run/Raw_data/R_365_1_1.fastq.gz	/sc/arion/projects/zhangw09a/GOCAR/RNAseq/baseline/hisat_run/Raw_data/R_365_1_2.fastq.gz
P7386_BS	/sc/arion/projects/zhangw09a/GOCAR/RNAseq/baseline/hisat_run/Raw_data/R_367_3_1.fastq.gz	/sc/arion/projects/zhangw09a/GOCAR/RNAseq/baseline/hisat_run/Raw_data/R_367_3_2.fastq.gz
P7879_BS	/sc/arion/projects/zhangw09a/GOCAR/RNAseq/baseline/hisat_run/Raw_data/R_403_2_1.fastq.gz	/sc/arion/projects/zhangw09a/GOCAR/RNAseq/baseline/hisat_run/Raw_data/R_403_2_2.fastq.gz
P7575_BS	/sc/arion/projects/zhangw09a/GOCAR/RNAseq/baseline/hisat_run/Raw_data/R_449_3_1.fastq.gz	/sc/arion/projects/zhangw09a/GOCAR/RNAseq/baseline/hisat_run/Raw_data/R_449_3_2.fastq.gz
P9130_BS	/sc/arion/projects/zhangw09a/GOCAR/RNAseq/baseline/hisat_run/Raw_data/R_473_2_1.fastq.gz	/sc/arion/projects/zhangw09a/GOCAR/RNAseq/baseline/hisat_run/Raw_data/R_473_2_2.fastq.gz
P8751_BS	/sc/arion/projects/zhangw09a/GOCAR/RNAseq/baseline/hisat_run/Raw_data/R_475_2_1.fastq.gz	/sc/arion/projects/zhangw09a/GOCAR/RNAseq/baseline/hisat_run/Raw_data/R_475_2_2.fastq.gz
P12683_BS	/sc/arion/projects/zhangw09a/GOCAR/RNAseq/baseline/hisat_run/Raw_data/R_485_2_1.fastq.gz	/sc/arion/projects/zhangw09a/GOCAR/RNAseq/baseline/hisat_run/Raw_data/R_485_2_2.fastq.gz
P12673_BS	/sc/arion/projects/zhangw09a/GOCAR/RNAseq/baseline/hisat_run/Raw_data/R_486_2_1.fastq.gz	/sc/arion/projects/zhangw09a/GOCAR/RNAseq/baseline/hisat_run/Raw_data/R_486_2_2.fastq.gz
P12616_BS	/sc/arion/projects/zhangw09a/GOCAR/RNAseq/baseline/hisat_run/Raw_data/R_488_2_1.fastq.gz	/sc/arion/projects/zhangw09a/GOCAR/RNAseq/baseline/hisat_run/Raw_data/R_488_2_2.fastq.gz
P12886_BS	/sc/arion/projects/zhangw09a/GOCAR/RNAseq/baseline/hisat_run/Raw_data/R_508_2_1.fastq.gz	/sc/arion/projects/zhangw09a/GOCAR/RNAseq/baseline/hisat_run/Raw_data/R_508_2_2.fastq.gz
P6526_BS	/sc/arion/projects/zhangw09a/GOCAR/RNAseq/baseline/hisat_run/Raw_data/R_525_11_1.fastq.gz	/sc/arion/projects/zhangw09a/GOCAR/RNAseq/baseline/hisat_run/Raw_data/R_525_11_2.fastq.gz
P6608_BS	/sc/arion/projects/zhangw09a/GOCAR/RNAseq/baseline/hisat_run/Raw_data/R_537_22_1.fastq.gz	/sc/arion/projects/zhangw09a/GOCAR/RNAseq/baseline/hisat_run/Raw_data/R_537_22_2.fastq.gz
P6636_BS	/sc/arion/projects/zhangw09a/GOCAR/RNAseq/baseline/hisat_run/Raw_data/R_540_6_1.fastq.gz	/sc/arion/projects/zhangw09a/GOCAR/RNAseq/baseline/hisat_run/Raw_data/R_540_6_2.fastq.gz
P6649_BS	/sc/arion/projects/zhangw09a/GOCAR/RNAseq/baseline/hisat_run/Raw_data/R_545_28_1.fastq.gz	/sc/arion/projects/zhangw09a/GOCAR/RNAseq/baseline/hisat_run/Raw_data/R_545_28_2.fastq.gz
P12666_BS	/sc/arion/projects/zhangw09a/GOCAR/RNAseq/baseline/hisat_run/Raw_data/R_549_31_1.fastq.gz	/sc/arion/projects/zhangw09a/GOCAR/RNAseq/baseline/hisat_run/Raw_data/R_549_31_2.fastq.gz
P12351_BS	/sc/arion/projects/zhangw09a/GOCAR/RNAseq/baseline/hisat_run/Raw_data/R_558_19_1.fastq.gz	/sc/arion/projects/zhangw09a/GOCAR/RNAseq/baseline/hisat_run/Raw_data/R_558_19_2.fastq.gz
P6643_BS	/sc/arion/projects/zhangw09a/GOCAR/RNAseq/baseline/hisat_run/Raw_data/R_561_20_1.fastq.gz	/sc/arion/projects/zhangw09a/GOCAR/RNAseq/baseline/hisat_run/Raw_data/R_561_20_2.fastq.gz
P7149_BS	/sc/arion/projects/zhangw09a/GOCAR/RNAseq/baseline/hisat_run/Raw_data/R_563_2_1.fastq.gz	/sc/arion/projects/zhangw09a/GOCAR/RNAseq/baseline/hisat_run/Raw_data/R_563_2_2.fastq.gz
P14190_BS	/sc/arion/projects/zhangw09a/GOCAR/RNAseq/baseline/hisat_run/Raw_data/R_589_31_1.fastq.gz	/sc/arion/projects/zhangw09a/GOCAR/RNAseq/baseline/hisat_run/Raw_data/R_589_31_2.fastq.gz
P14690_BS	/sc/arion/projects/zhangw09a/GOCAR/RNAseq/baseline/hisat_run/Raw_data/R_600_2_1.fastq.gz	/sc/arion/projects/zhangw09a/GOCAR/RNAseq/baseline/hisat_run/Raw_data/R_600_2_2.fastq.gz
P14700_BS	/sc/arion/projects/zhangw09a/GOCAR/RNAseq/baseline/hisat_run/Raw_data/R_602_7_1.fastq.gz	/sc/arion/projects/zhangw09a/GOCAR/RNAseq/baseline/hisat_run/Raw_data/R_602_7_2.fastq.gz
P14937_BS	/sc/arion/projects/zhangw09a/GOCAR/RNAseq/baseline/hisat_run/Raw_data/R_604_20_1.fastq.gz	/sc/arion/projects/zhangw09a/GOCAR/RNAseq/baseline/hisat_run/Raw_data/R_604_20_2.fastq.gz
P15225_BS	/sc/arion/projects/zhangw09a/GOCAR/RNAseq/baseline/hisat_run/Raw_data/R_621_4_1.fastq.gz	/sc/arion/projects/zhangw09a/GOCAR/RNAseq/baseline/hisat_run/Raw_data/R_621_4_2.fastq.gz
P15313_BS	/sc/arion/projects/zhangw09a/GOCAR/RNAseq/baseline/hisat_run/Raw_data/R_623_2_1.fastq.gz	/sc/arion/projects/zhangw09a/GOCAR/RNAseq/baseline/hisat_run/Raw_data/R_623_2_2.fastq.gz
P15612_BS	/sc/arion/projects/zhangw09a/GOCAR/RNAseq/baseline/hisat_run/Raw_data/R_627_2_1.fastq.gz	/sc/arion/projects/zhangw09a/GOCAR/RNAseq/baseline/hisat_run/Raw_data/R_627_2_2.fastq.gz
P15739_BS	/sc/arion/projects/zhangw09a/GOCAR/RNAseq/baseline/hisat_run/Raw_data/R_630_2_1.fastq.gz	/sc/arion/projects/zhangw09a/GOCAR/RNAseq/baseline/hisat_run/Raw_data/R_630_2_2.fastq.gz
P15762_BS	/sc/arion/projects/zhangw09a/GOCAR/RNAseq/baseline/hisat_run/Raw_data/R_632_2_1.fastq.gz	/sc/arion/projects/zhangw09a/GOCAR/RNAseq/baseline/hisat_run/Raw_data/R_632_2_2.fastq.gz
P15849_BS	/sc/arion/projects/zhangw09a/GOCAR/RNAseq/baseline/hisat_run/Raw_data/R_642_5_1.fastq.gz	/sc/arion/projects/zhangw09a/GOCAR/RNAseq/baseline/hisat_run/Raw_data/R_642_5_2.fastq.gz
P16300_BS	/sc/arion/projects/zhangw09a/GOCAR/RNAseq/baseline/hisat_run/Raw_data/R_654_2_1.fastq.gz	/sc/arion/projects/zhangw09a/GOCAR/RNAseq/baseline/hisat_run/Raw_data/R_654_2_2.fastq.gz
P16828_BS	/sc/arion/projects/zhangw09a/GOCAR/RNAseq/baseline/hisat_run/Raw_data/R_657_2_1.fastq.gz	/sc/arion/projects/zhangw09a/GOCAR/RNAseq/baseline/hisat_run/Raw_data/R_657_2_2.fastq.gz
P17064_BS	/sc/arion/projects/zhangw09a/GOCAR/RNAseq/baseline/hisat_run/Raw_data/R_664_2_1.fastq.gz	/sc/arion/projects/zhangw09a/GOCAR/RNAseq/baseline/hisat_run/Raw_data/R_664_2_2.fastq.gz
P14212_BS	/sc/arion/projects/zhangw09a/GOCAR/RNAseq/baseline/hisat_run/Raw_data/R_681_34_1.fastq.gz	/sc/arion/projects/zhangw09a/GOCAR/RNAseq/baseline/hisat_run/Raw_data/R_681_34_2.fastq.gz
P18438_BS	/sc/arion/projects/zhangw09a/GOCAR/RNAseq/baseline/hisat_run/Raw_data/R_707_2_1.fastq.gz	/sc/arion/projects/zhangw09a/GOCAR/RNAseq/baseline/hisat_run/Raw_data/R_707_2_2.fastq.gz
P18496_BS	/sc/arion/projects/zhangw09a/GOCAR/RNAseq/baseline/hisat_run/Raw_data/R_711_2_1.fastq.gz	/sc/arion/projects/zhangw09a/GOCAR/RNAseq/baseline/hisat_run/Raw_data/R_711_2_2.fastq.gz
P18704_BS	/sc/arion/projects/zhangw09a/GOCAR/RNAseq/baseline/hisat_run/Raw_data/R_719_5_1.fastq.gz	/sc/arion/projects/zhangw09a/GOCAR/RNAseq/baseline/hisat_run/Raw_data/R_719_5_2.fastq.gz
P20616_BS	/sc/arion/projects/zhangw09a/GOCAR/RNAseq/baseline/hisat_run/Raw_data/R_1077_7_1.fastq.gz	/sc/arion/projects/zhangw09a/GOCAR/RNAseq/baseline/hisat_run/Raw_data/R_1077_7_2.fastq.gz
P20787_BS	/sc/arion/projects/zhangw09a/GOCAR/RNAseq/baseline/hisat_run/Raw_data/R_1117_4_1.fastq.gz	/sc/arion/projects/zhangw09a/GOCAR/RNAseq/baseline/hisat_run/Raw_data/R_1117_4_2.fastq.gz
P20212_BS	/sc/arion/projects/zhangw09a/GOCAR/RNAseq/baseline/hisat_run/Raw_data/R_1197_2_1.fastq.gz	/sc/arion/projects/zhangw09a/GOCAR/RNAseq/baseline/hisat_run/Raw_data/R_1197_2_2.fastq.gz
P20891_BS	/sc/arion/projects/zhangw09a/GOCAR/RNAseq/baseline/hisat_run/Raw_data/R_1277_4_1.fastq.gz	/sc/arion/projects/zhangw09a/GOCAR/RNAseq/baseline/hisat_run/Raw_data/R_1277_4_2.fastq.gz
P21093_BS	/sc/arion/projects/zhangw09a/GOCAR/RNAseq/baseline/hisat_run/Raw_data/R_1317_7_1.fastq.gz	/sc/arion/projects/zhangw09a/GOCAR/RNAseq/baseline/hisat_run/Raw_data/R_1317_7_2.fastq.gz
P21968_BS	/sc/arion/projects/zhangw09a/GOCAR/RNAseq/baseline/hisat_run/Raw_data/R_1537_4_1.fastq.gz	/sc/arion/projects/zhangw09a/GOCAR/RNAseq/baseline/hisat_run/Raw_data/R_1537_4_2.fastq.gz
P21990_BS	/sc/arion/projects/zhangw09a/GOCAR/RNAseq/baseline/hisat_run/Raw_data/R_1557_5_1.fastq.gz	/sc/arion/projects/zhangw09a/GOCAR/RNAseq/baseline/hisat_run/Raw_data/R_1557_5_2.fastq.gz
P21713_BS	/sc/arion/projects/zhangw09a/GOCAR/RNAseq/baseline/hisat_run/Raw_data/R_1598_4_1.fastq.gz	/sc/arion/projects/zhangw09a/GOCAR/RNAseq/baseline/hisat_run/Raw_data/R_1598_4_2.fastq.gz
P22255_BS	/sc/arion/projects/zhangw09a/GOCAR/RNAseq/baseline/hisat_run/Raw_data/R_1638_2_1.fastq.gz	/sc/arion/projects/zhangw09a/GOCAR/RNAseq/baseline/hisat_run/Raw_data/R_1638_2_2.fastq.gz
P23248_BS	/sc/arion/projects/zhangw09a/GOCAR/RNAseq/baseline/hisat_run/Raw_data/R_1837_4_1.fastq.gz	/sc/arion/projects/zhangw09a/GOCAR/RNAseq/baseline/hisat_run/Raw_data/R_1837_4_2.fastq.gz
P16756_BS	/sc/arion/projects/zhangw09a/GOCAR/RNAseq/baseline/hisat_run/Raw_data/R_2039_2_1.fastq.gz	/sc/arion/projects/zhangw09a/GOCAR/RNAseq/baseline/hisat_run/Raw_data/R_2039_2_2.fastq.gz
P25878_BS	/sc/arion/projects/zhangw09a/GOCAR/RNAseq/baseline/hisat_run/Raw_data/R_2217_2_1.fastq.gz	/sc/arion/projects/zhangw09a/GOCAR/RNAseq/baseline/hisat_run/Raw_data/R_2217_2_2.fastq.gz
P27107_BS	/sc/arion/projects/zhangw09a/GOCAR/RNAseq/baseline/hisat_run/Raw_data/R_2617_2_1.fastq.gz	/sc/arion/projects/zhangw09a/GOCAR/RNAseq/baseline/hisat_run/Raw_data/R_2617_2_2.fastq.gz
P27071_BS	/sc/arion/projects/zhangw09a/GOCAR/RNAseq/baseline/hisat_run/Raw_data/R_2658_6_1.fastq.gz	/sc/arion/projects/zhangw09a/GOCAR/RNAseq/baseline/hisat_run/Raw_data/R_2658_6_2.fastq.gz
P27250_BS	/sc/arion/projects/zhangw09a/GOCAR/RNAseq/baseline/hisat_run/Raw_data/R_2662_2_1.fastq.gz	/sc/arion/projects/zhangw09a/GOCAR/RNAseq/baseline/hisat_run/Raw_data/R_2662_2_2.fastq.gz
P27863_BS	/sc/arion/projects/zhangw09a/GOCAR/RNAseq/baseline/hisat_run/Raw_data/R_2778_38_1.fastq.gz	/sc/arion/projects/zhangw09a/GOCAR/RNAseq/baseline/hisat_run/Raw_data/R_2778_38_2.fastq.gz
P29078_BS	/sc/arion/projects/zhangw09a/GOCAR/RNAseq/baseline/hisat_run/Raw_data/R_3017_17_1.fastq.gz	/sc/arion/projects/zhangw09a/GOCAR/RNAseq/baseline/hisat_run/Raw_data/R_3017_17_2.fastq.gz
P29934_BS	/sc/arion/projects/zhangw09a/GOCAR/RNAseq/baseline/hisat_run/Raw_data/R_3177_5_1.fastq.gz	/sc/arion/projects/zhangw09a/GOCAR/RNAseq/baseline/hisat_run/Raw_data/R_3177_5_2.fastq.gz
P30099_BS	/sc/arion/projects/zhangw09a/GOCAR/RNAseq/baseline/hisat_run/Raw_data/R_3237_2_1.fastq.gz	/sc/arion/projects/zhangw09a/GOCAR/RNAseq/baseline/hisat_run/Raw_data/R_3237_2_2.fastq.gz
P30552_BS	/sc/arion/projects/zhangw09a/GOCAR/RNAseq/baseline/hisat_run/Raw_data/R_3378_2_1.fastq.gz	/sc/arion/projects/zhangw09a/GOCAR/RNAseq/baseline/hisat_run/Raw_data/R_3378_2_2.fastq.gz
P31090_BS	/sc/arion/projects/zhangw09a/GOCAR/RNAseq/baseline/hisat_run/Raw_data/R_3517_2_1.fastq.gz	/sc/arion/projects/zhangw09a/GOCAR/RNAseq/baseline/hisat_run/Raw_data/R_3517_2_2.fastq.gz
P33081_BS	/sc/arion/projects/zhangw09a/GOCAR/RNAseq/baseline/hisat_run/Raw_data/R_3777_2_1.fastq.gz	/sc/arion/projects/zhangw09a/GOCAR/RNAseq/baseline/hisat_run/Raw_data/R_3777_2_2.fastq.gz
P33951_BS	/sc/arion/projects/zhangw09a/GOCAR/RNAseq/baseline/hisat_run/Raw_data/R_3857_5_1.fastq.gz	/sc/arion/projects/zhangw09a/GOCAR/RNAseq/baseline/hisat_run/Raw_data/R_3857_5_2.fastq.gz
P34400_BS	/sc/arion/projects/zhangw09a/GOCAR/RNAseq/baseline/hisat_run/Raw_data/R_3897_5_1.fastq.gz	/sc/arion/projects/zhangw09a/GOCAR/RNAseq/baseline/hisat_run/Raw_data/R_3897_5_2.fastq.gz
P35866_BS	/sc/arion/projects/zhangw09a/GOCAR/RNAseq/baseline/hisat_run/Raw_data/R_4177_2_1.fastq.gz	/sc/arion/projects/zhangw09a/GOCAR/RNAseq/baseline/hisat_run/Raw_data/R_4177_2_2.fastq.gz
P36378_BS	/sc/arion/projects/zhangw09a/GOCAR/RNAseq/baseline/hisat_run/Raw_data/R_4299_2_1.fastq.gz	/sc/arion/projects/zhangw09a/GOCAR/RNAseq/baseline/hisat_run/Raw_data/R_4299_2_2.fastq.gz
P36716_BS	/sc/arion/projects/zhangw09a/GOCAR/RNAseq/baseline/hisat_run/Raw_data/R_4337_2_1.fastq.gz	/sc/arion/projects/zhangw09a/GOCAR/RNAseq/baseline/hisat_run/Raw_data/R_4337_2_2.fastq.gz
P39549_BS	/sc/arion/projects/zhangw09a/GOCAR/RNAseq/baseline/hisat_run/Raw_data/R_4818_2_1.fastq.gz	/sc/arion/projects/zhangw09a/GOCAR/RNAseq/baseline/hisat_run/Raw_data/R_4818_2_2.fastq.gz
