P14221_BS	/sc/arion/projects/zhangw09a/GOCAR/RNAseq/baseline/hisat_run/Raw_data/R_591_10_1.fastq.gz	/sc/arion/projects/zhangw09a/GOCAR/RNAseq/baseline/hisat_run/Raw_data/R_591_10_2.fastq.gz
P16865_BS	/sc/arion/projects/zhangw09a/GOCAR/RNAseq/baseline/hisat_run/Raw_data/R_754_13_1.fastq.gz	/sc/arion/projects/zhangw09a/GOCAR/RNAseq/baseline/hisat_run/Raw_data/R_754_13_2.fastq.gz
P22987_BS	/sc/arion/projects/zhangw09a/GOCAR/RNAseq/baseline/hisat_run/Raw_data/R_1757_2_1.fastq.gz	/sc/arion/projects/zhangw09a/GOCAR/RNAseq/baseline/hisat_run/Raw_data/R_1757_2_2.fastq.gz
P27365_BS	/sc/arion/projects/zhangw09a/GOCAR/RNAseq/baseline/hisat_run/Raw_data/R_2677_4_1.fastq.gz	/sc/arion/projects/zhangw09a/GOCAR/RNAseq/baseline/hisat_run/Raw_data/R_2677_4_2.fastq.gz
P27398_BS	/sc/arion/projects/zhangw09a/GOCAR/RNAseq/baseline/hisat_run/Raw_data/R_2717_6_1.fastq.gz	/sc/arion/projects/zhangw09a/GOCAR/RNAseq/baseline/hisat_run/Raw_data/R_2717_6_2.fastq.gz
P41240_BS	/sc/arion/projects/zhangw09a/GOCAR/RNAseq/baseline/hisat_run/Raw_data/R_4997_2_1.fastq.gz	/sc/arion/projects/zhangw09a/GOCAR/RNAseq/baseline/hisat_run/Raw_data/R_4997_2_2.fastq.gz
P41848_BS	/sc/arion/projects/zhangw09a/GOCAR/RNAseq/baseline/hisat_run/Raw_data/R_5137_4_1.fastq.gz	/sc/arion/projects/zhangw09a/GOCAR/RNAseq/baseline/hisat_run/Raw_data/R_5137_4_2.fastq.gz
P43146_BS	/sc/arion/projects/zhangw09a/GOCAR/RNAseq/baseline/hisat_run/Raw_data/R_5318_2_1.fastq.gz	/sc/arion/projects/zhangw09a/GOCAR/RNAseq/baseline/hisat_run/Raw_data/R_5318_2_2.fastq.gz
P6579_BS	/sc/arion/projects/zhangw09a/GOCAR/RNAseq/baseline/hisat_run/Raw_data/R_364_4_1.fastq.gz	/sc/arion/projects/zhangw09a/GOCAR/RNAseq/baseline/hisat_run/Raw_data/R_364_4_2.fastq.gz
P6610_BS	/sc/arion/projects/zhangw09a/GOCAR/RNAseq/baseline/hisat_run/Raw_data/R_521_18_1.fastq.gz	/sc/arion/projects/zhangw09a/GOCAR/RNAseq/baseline/hisat_run/Raw_data/R_521_18_2.fastq.gz
P6633_BS	/sc/arion/projects/zhangw09a/GOCAR/RNAseq/baseline/hisat_run/Raw_data/R_539_36_1.fastq.gz	/sc/arion/projects/zhangw09a/GOCAR/RNAseq/baseline/hisat_run/Raw_data/R_539_36_2.fastq.gz
P6640_BS	/sc/arion/projects/zhangw09a/GOCAR/RNAseq/baseline/hisat_run/Raw_data/R_543_17_1.fastq.gz	/sc/arion/projects/zhangw09a/GOCAR/RNAseq/baseline/hisat_run/Raw_data/R_543_17_2.fastq.gz
P6648_BS	/sc/arion/projects/zhangw09a/GOCAR/RNAseq/baseline/hisat_run/Raw_data/R_562_38_1.fastq.gz	/sc/arion/projects/zhangw09a/GOCAR/RNAseq/baseline/hisat_run/Raw_data/R_562_38_2.fastq.gz
P7877_BS	/sc/arion/projects/zhangw09a/GOCAR/RNAseq/baseline/hisat_run/Raw_data/R_402_2_1.fastq.gz	/sc/arion/projects/zhangw09a/GOCAR/RNAseq/baseline/hisat_run/Raw_data/R_402_2_2.fastq.gz
P8610_BS	/sc/arion/projects/zhangw09a/GOCAR/RNAseq/baseline/hisat_run/Raw_data/R_464_2_1.fastq.gz	/sc/arion/projects/zhangw09a/GOCAR/RNAseq/baseline/hisat_run/Raw_data/R_464_2_2.fastq.gz
P8624_BS	/sc/arion/projects/zhangw09a/GOCAR/RNAseq/baseline/hisat_run/Raw_data/R_471_3_1.fastq.gz	/sc/arion/projects/zhangw09a/GOCAR/RNAseq/baseline/hisat_run/Raw_data/R_471_3_2.fastq.gz
P5647_BS	/sc/arion/projects/zhangw09a/GOCAR/RNAseq/baseline/hisat_run/Raw_data/R_221_15_1.fastq.gz	/sc/arion/projects/zhangw09a/GOCAR/RNAseq/baseline/hisat_run/Raw_data/R_221_15_2.fastq.gz
P5889_BS	/sc/arion/projects/zhangw09a/GOCAR/RNAseq/baseline/hisat_run/Raw_data/R_242_2_1.fastq.gz	/sc/arion/projects/zhangw09a/GOCAR/RNAseq/baseline/hisat_run/Raw_data/R_242_2_2.fastq.gz
P8751_BS	/sc/arion/projects/zhangw09a/GOCAR/RNAseq/baseline/hisat_run/Raw_data/R_475_2_1.fastq.gz	/sc/arion/projects/zhangw09a/GOCAR/RNAseq/baseline/hisat_run/Raw_data/R_475_2_2.fastq.gz
P14190_BS	/sc/arion/projects/zhangw09a/GOCAR/RNAseq/baseline/hisat_run/Raw_data/R_589_31_1.fastq.gz	/sc/arion/projects/zhangw09a/GOCAR/RNAseq/baseline/hisat_run/Raw_data/R_589_31_2.fastq.gz
P15313_BS	/sc/arion/projects/zhangw09a/GOCAR/RNAseq/baseline/hisat_run/Raw_data/R_623_2_1.fastq.gz	/sc/arion/projects/zhangw09a/GOCAR/RNAseq/baseline/hisat_run/Raw_data/R_623_2_2.fastq.gz
P18438_BS	/sc/arion/projects/zhangw09a/GOCAR/RNAseq/baseline/hisat_run/Raw_data/R_707_2_1.fastq.gz	/sc/arion/projects/zhangw09a/GOCAR/RNAseq/baseline/hisat_run/Raw_data/R_707_2_2.fastq.gz
P18704_BS	/sc/arion/projects/zhangw09a/GOCAR/RNAseq/baseline/hisat_run/Raw_data/R_719_5_1.fastq.gz	/sc/arion/projects/zhangw09a/GOCAR/RNAseq/baseline/hisat_run/Raw_data/R_719_5_2.fastq.gz
P20891_BS	/sc/arion/projects/zhangw09a/GOCAR/RNAseq/baseline/hisat_run/Raw_data/R_1277_4_1.fastq.gz	/sc/arion/projects/zhangw09a/GOCAR/RNAseq/baseline/hisat_run/Raw_data/R_1277_4_2.fastq.gz
P29934_BS	/sc/arion/projects/zhangw09a/GOCAR/RNAseq/baseline/hisat_run/Raw_data/R_3177_5_1.fastq.gz	/sc/arion/projects/zhangw09a/GOCAR/RNAseq/baseline/hisat_run/Raw_data/R_3177_5_2.fastq.gz
P33081_BS	/sc/arion/projects/zhangw09a/GOCAR/RNAseq/baseline/hisat_run/Raw_data/R_3777_2_1.fastq.gz	/sc/arion/projects/zhangw09a/GOCAR/RNAseq/baseline/hisat_run/Raw_data/R_3777_2_2.fastq.gz
P35866_BS	/sc/arion/projects/zhangw09a/GOCAR/RNAseq/baseline/hisat_run/Raw_data/R_4177_2_1.fastq.gz	/sc/arion/projects/zhangw09a/GOCAR/RNAseq/baseline/hisat_run/Raw_data/R_4177_2_2.fastq.gz
